// Jest Snapshot v1, https://goo.gl/fbAQLP

exports[`components/shared/BackButton.vue should render correct default contents 1`] = `
<a
  class="ml-a v-btn v-btn--contained v-btn--router theme--light v-size--default"
>
  <span
    class="v-btn__content"
  >
    <i
      aria-hidden="true"
      class="v-icon notranslate mdi mdi-chevron-left theme--light"
    />
    
  Back

  </span>
</a>
`;
