// Jest Snapshot v1, https://goo.gl/fbAQLP

exports[`components/shared/PrintPretty.vue correctly sets the initialHeight of its resizableContainer 1`] = `
<div>
  <!---->
   
  <div
    class="py-1"
  >
    <div
      class="resizable-container"
    >
      <div
        class="bordered code-editor"
        read-only=""
      >
        <div
          style="height: 100%; width: 100%;"
        />
         
        <div
          class="code-editor__actions pa-2"
        >
          <div
            class="d-inline-block"
          >
            <button
              class="v-btn v-btn--contained theme--light v-size--default"
              title="Change whitespace to 2 spaces instead of tabs"
              type="button"
            >
              <span
                class="v-btn__content"
              >
                <i
                  aria-hidden="true"
                  class="v-icon notranslate mdi mdi-keyboard-space theme--light"
                  style="font-size: 16px;"
                />
              </span>
            </button>
             
            <button
              class="v-btn v-btn--contained theme--light v-size--default"
              title="Wrap lines"
              type="button"
            >
              <span
                class="v-btn__content"
              >
                <i
                  aria-hidden="true"
                  class="v-icon notranslate mdi mdi-wrap theme--light"
                  style="font-size: 16px;"
                />
              </span>
            </button>
          </div>
        </div>
      </div>
       
      <div
        class="resizable-container__vertical-handler"
      />
    </div>
  </div>
</div>
`;

exports[`components/shared/PrintPretty.vue should render correct default contents 1`] = `
<div>
  <!---->
   
  <div
    class="py-1"
  >
    <div
      class="resizable-container"
    >
      <!---->
       
      <div
        class="resizable-container__vertical-handler"
      />
    </div>
  </div>
</div>
`;
