// Jest Snapshot v1, https://goo.gl/fbAQLP

exports[`components/shared/PrintPretty.vue correctly sets the initialHeight of its resizableContainer 1`] = `
<div>
  <!---->
   
  <div
    class="py-1"
  >
    <div
      class="resizable-container"
      style="width: 100%; height: 250px;"
    >
      <div
        class="bordered code-editor"
      >
        <div
          class=" ace_editor ace-monokai ace_dark"
          style="height: 100%; width: 100%; font-size: 13px;"
        >
          <textarea
            autocapitalize="off"
            autocorrect="off"
            class="ace_text-input"
            spellcheck="false"
            style="opacity: 0;"
            wrap="off"
          />
          <div
            aria-hidden="true"
            class="ace_gutter"
          >
            <div
              class="ace_layer ace_gutter-layer ace_folding-enabled"
            />
            <div
              class="ace_gutter-active-line"
            />
          </div>
          <div
            class="ace_scroller"
          >
            <div
              class="ace_content"
            >
              <div
                class="ace_layer ace_print-margin-layer"
              >
                <div
                  class="ace_print-margin"
                  style="left: 4px; visibility: hidden;"
                />
              </div>
              <div
                class="ace_layer ace_marker-layer"
              />
              <div
                class="ace_layer ace_text-layer"
                style="padding: 0px 4px;"
              />
              <div
                class="ace_layer ace_marker-layer"
              />
              <div
                class="ace_layer ace_cursor-layer ace_hidden-cursors"
              >
                <div
                  class="ace_cursor"
                />
              </div>
            </div>
          </div>
          <div
            class="ace_scrollbar ace_scrollbar-v"
            style="display: none; width: 20px;"
          >
            <div
              class="ace_scrollbar-inner"
              style="width: 20px;"
            />
          </div>
          <div
            class="ace_scrollbar ace_scrollbar-h"
            style="display: none; height: 20px;"
          >
            <div
              class="ace_scrollbar-inner"
              style="height: 20px;"
            />
          </div>
          <div
            style="height: auto; width: auto; top: 0px; left: 0px; visibility: hidden; position: absolute; white-space: pre; overflow: hidden;"
          >
            <div
              style="height: auto; width: auto; top: 0px; left: 0px; visibility: hidden; position: absolute; white-space: pre; overflow: visible;"
            />
            <div
              style="height: auto; width: auto; top: 0px; left: 0px; visibility: hidden; position: absolute; white-space: pre; overflow: visible;"
            >
              XXXXXXXXXXXXXXXXXXXXXXXXXXXXXXXXXXXXXXXXXXXXXXXXXXXXXXXXXXXXXXXXXXXXXXXXXXXXXXXXXXXXXXXXXXXXXXXXXXXX
            </div>
          </div>
        </div>
         
        <div
          class="code-editor__actions pa-2"
        >
          <button
            class="vertical-align--top mr-2 v-btn v-btn--contained theme--light v-size--small"
            title="Beautify (Ctrl+ALT+L)"
            type="button"
          >
            <span
              class="v-btn__content"
            >
              <i
                aria-hidden="true"
                class="v-icon notranslate mdi mdi-code-braces theme--light"
                style="font-size: 16px;"
              />
            </span>
          </button>
           
          <div
            class="v-item-group theme--light v-btn-toggle"
          >
            <button
              class="v-btn v-btn--flat v-btn--text theme--light v-size--small"
              title="Use 2 spaces for beautify (instead of tabs)"
              type="button"
            >
              <span
                class="v-btn__content"
              >
                <i
                  aria-hidden="true"
                  class="v-icon notranslate mdi mdi-keyboard-space theme--light"
                  style="font-size: 16px;"
                />
              </span>
            </button>
             
            <button
              class="v-btn v-btn--flat v-btn--text theme--light v-size--small"
              title="Wrap lines"
              type="button"
            >
              <span
                class="v-btn__content"
              >
                <i
                  aria-hidden="true"
                  class="v-icon notranslate mdi mdi-wrap theme--light"
                  style="font-size: 16px;"
                />
              </span>
            </button>
          </div>
        </div>
      </div>
       
      <div
        class="resizable-container__vertical-handler"
      />
    </div>
  </div>
</div>
`;

exports[`components/shared/PrintPretty.vue should render correct default contents 1`] = `
<div>
  <!---->
   
  <div
    class="py-1"
  >
    <div
      class="resizable-container"
      style="width: 100%; height: 500px;"
    >
      <!---->
       
      <div
        class="resizable-container__vertical-handler"
      />
    </div>
  </div>
</div>
`;
