// Jest Snapshot v1, https://goo.gl/fbAQLP

exports[`components/shared/ResizableContainer.vue should increase the height on drag 1`] = `
<div
  class="resizable-container"
>
   
  <div
    class="resizable-container__vertical-handler"
  />
</div>
`;

exports[`components/shared/ResizableContainer.vue should increase the height on drag and scroll if needed 1`] = `
<div
  class="resizable-container"
>
   
  <div
    class="resizable-container__vertical-handler"
  />
</div>
`;

exports[`components/shared/ResizableContainer.vue should not decrease the height lower then initialHeight 1`] = `
<div
  class="resizable-container"
>
   
  <div
    class="resizable-container__vertical-handler"
  />
</div>
`;

exports[`components/shared/ResizableContainer.vue should render correct default contents 1`] = `
<div
  class="resizable-container"
>
   
  <div
    class="resizable-container__vertical-handler"
  />
</div>
`;

exports[`components/shared/ResizableContainer.vue should render correct initialHeight 1`] = `
<div
  class="resizable-container"
>
   
  <div
    class="resizable-container__vertical-handler"
  />
</div>
`;
